------------------------------------------------------------
Timing Analyzer Summary
------------------------------------------------------------

Type  : Slow 1100mV 85C Model Setup 'u_ClockManager|u_dcm|auto_generated|generic_pll2~PLL_OUTPUT_COUNTER|divclk'
Slack : 2.298
TNS   : 0.000

Type  : Slow 1100mV 85C Model Setup 'u_ClockManager|u_dcm|auto_generated|generic_pll1~PLL_OUTPUT_COUNTER|divclk'
Slack : 4.977
TNS   : 0.000

Type  : Slow 1100mV 85C Model Setup 'altera_reserved_tck'
Slack : 11.265
TNS   : 0.000

Type  : Slow 1100mV 85C Model Hold 'u_ClockManager|u_dcm|auto_generated|generic_pll1~PLL_OUTPUT_COUNTER|divclk'
Slack : 0.276
TNS   : 0.000

Type  : Slow 1100mV 85C Model Hold 'altera_reserved_tck'
Slack : 0.287
TNS   : 0.000

Type  : Slow 1100mV 85C Model Hold 'u_ClockManager|u_dcm|auto_generated|generic_pll2~PLL_OUTPUT_COUNTER|divclk'
Slack : 0.309
TNS   : 0.000

Type  : Slow 1100mV 85C Model Recovery 'altera_reserved_tck'
Slack : 29.721
TNS   : 0.000

Type  : Slow 1100mV 85C Model Recovery 'u_ClockManager|u_dcm|auto_generated|generic_pll1~PLL_OUTPUT_COUNTER|divclk'
Slack : 34.363
TNS   : 0.000

Type  : Slow 1100mV 85C Model Removal 'u_ClockManager|u_dcm|auto_generated|generic_pll1~PLL_OUTPUT_COUNTER|divclk'
Slack : 0.513
TNS   : 0.000

Type  : Slow 1100mV 85C Model Removal 'altera_reserved_tck'
Slack : 0.779
TNS   : 0.000

Type  : Slow 1100mV 85C Model Minimum Pulse Width 'u_ClockManager|u_dcm|auto_generated|generic_pll1~FRACTIONAL_PLL|vcoph[0]'
Slack : 1.333
TNS   : 0.000

Type  : Slow 1100mV 85C Model Minimum Pulse Width 'u_ClockManager|u_dcm|auto_generated|generic_pll2~PLL_OUTPUT_COUNTER|divclk'
Slack : 2.767
TNS   : 0.000

Type  : Slow 1100mV 85C Model Minimum Pulse Width 'sysclk'
Slack : 9.670
TNS   : 0.000

Type  : Slow 1100mV 85C Model Minimum Pulse Width 'altera_reserved_tck'
Slack : 15.333
TNS   : 0.000

Type  : Slow 1100mV 85C Model Minimum Pulse Width 'u_ClockManager|u_dcm|auto_generated|generic_pll1~PLL_OUTPUT_COUNTER|divclk'
Slack : 18.769
TNS   : 0.000

Type  : Slow 1100mV 0C Model Setup 'u_ClockManager|u_dcm|auto_generated|generic_pll2~PLL_OUTPUT_COUNTER|divclk'
Slack : 2.120
TNS   : 0.000

Type  : Slow 1100mV 0C Model Setup 'u_ClockManager|u_dcm|auto_generated|generic_pll1~PLL_OUTPUT_COUNTER|divclk'
Slack : 5.084
TNS   : 0.000

Type  : Slow 1100mV 0C Model Setup 'altera_reserved_tck'
Slack : 11.129
TNS   : 0.000

Type  : Slow 1100mV 0C Model Hold 'u_ClockManager|u_dcm|auto_generated|generic_pll1~PLL_OUTPUT_COUNTER|divclk'
Slack : 0.180
TNS   : 0.000

Type  : Slow 1100mV 0C Model Hold 'altera_reserved_tck'
Slack : 0.288
TNS   : 0.000

Type  : Slow 1100mV 0C Model Hold 'u_ClockManager|u_dcm|auto_generated|generic_pll2~PLL_OUTPUT_COUNTER|divclk'
Slack : 0.288
TNS   : 0.000

Type  : Slow 1100mV 0C Model Recovery 'altera_reserved_tck'
Slack : 29.895
TNS   : 0.000

Type  : Slow 1100mV 0C Model Recovery 'u_ClockManager|u_dcm|auto_generated|generic_pll1~PLL_OUTPUT_COUNTER|divclk'
Slack : 34.464
TNS   : 0.000

Type  : Slow 1100mV 0C Model Removal 'u_ClockManager|u_dcm|auto_generated|generic_pll1~PLL_OUTPUT_COUNTER|divclk'
Slack : 0.446
TNS   : 0.000

Type  : Slow 1100mV 0C Model Removal 'altera_reserved_tck'
Slack : 0.732
TNS   : 0.000

Type  : Slow 1100mV 0C Model Minimum Pulse Width 'u_ClockManager|u_dcm|auto_generated|generic_pll1~FRACTIONAL_PLL|vcoph[0]'
Slack : 1.333
TNS   : 0.000

Type  : Slow 1100mV 0C Model Minimum Pulse Width 'u_ClockManager|u_dcm|auto_generated|generic_pll2~PLL_OUTPUT_COUNTER|divclk'
Slack : 2.733
TNS   : 0.000

Type  : Slow 1100mV 0C Model Minimum Pulse Width 'sysclk'
Slack : 9.673
TNS   : 0.000

Type  : Slow 1100mV 0C Model Minimum Pulse Width 'altera_reserved_tck'
Slack : 15.355
TNS   : 0.000

Type  : Slow 1100mV 0C Model Minimum Pulse Width 'u_ClockManager|u_dcm|auto_generated|generic_pll1~PLL_OUTPUT_COUNTER|divclk'
Slack : 18.730
TNS   : 0.000

Type  : Fast 1100mV 85C Model Setup 'u_ClockManager|u_dcm|auto_generated|generic_pll2~PLL_OUTPUT_COUNTER|divclk'
Slack : 4.700
TNS   : 0.000

Type  : Fast 1100mV 85C Model Setup 'u_ClockManager|u_dcm|auto_generated|generic_pll1~PLL_OUTPUT_COUNTER|divclk'
Slack : 6.024
TNS   : 0.000

Type  : Fast 1100mV 85C Model Setup 'altera_reserved_tck'
Slack : 13.646
TNS   : 0.000

Type  : Fast 1100mV 85C Model Hold 'altera_reserved_tck'
Slack : 0.101
TNS   : 0.000

Type  : Fast 1100mV 85C Model Hold 'u_ClockManager|u_dcm|auto_generated|generic_pll1~PLL_OUTPUT_COUNTER|divclk'
Slack : 0.159
TNS   : 0.000

Type  : Fast 1100mV 85C Model Hold 'u_ClockManager|u_dcm|auto_generated|generic_pll2~PLL_OUTPUT_COUNTER|divclk'
Slack : 0.171
TNS   : 0.000

Type  : Fast 1100mV 85C Model Recovery 'altera_reserved_tck'
Slack : 30.945
TNS   : 0.000

Type  : Fast 1100mV 85C Model Recovery 'u_ClockManager|u_dcm|auto_generated|generic_pll1~PLL_OUTPUT_COUNTER|divclk'
Slack : 36.862
TNS   : 0.000

Type  : Fast 1100mV 85C Model Removal 'u_ClockManager|u_dcm|auto_generated|generic_pll1~PLL_OUTPUT_COUNTER|divclk'
Slack : 0.289
TNS   : 0.000

Type  : Fast 1100mV 85C Model Removal 'altera_reserved_tck'
Slack : 0.368
TNS   : 0.000

Type  : Fast 1100mV 85C Model Minimum Pulse Width 'u_ClockManager|u_dcm|auto_generated|generic_pll1~FRACTIONAL_PLL|vcoph[0]'
Slack : 1.333
TNS   : 0.000

Type  : Fast 1100mV 85C Model Minimum Pulse Width 'u_ClockManager|u_dcm|auto_generated|generic_pll2~PLL_OUTPUT_COUNTER|divclk'
Slack : 2.887
TNS   : 0.000

Type  : Fast 1100mV 85C Model Minimum Pulse Width 'sysclk'
Slack : 9.336
TNS   : 0.000

Type  : Fast 1100mV 85C Model Minimum Pulse Width 'altera_reserved_tck'
Slack : 15.103
TNS   : 0.000

Type  : Fast 1100mV 85C Model Minimum Pulse Width 'u_ClockManager|u_dcm|auto_generated|generic_pll1~PLL_OUTPUT_COUNTER|divclk'
Slack : 18.886
TNS   : 0.000

Type  : Fast 1100mV 0C Model Setup 'u_ClockManager|u_dcm|auto_generated|generic_pll2~PLL_OUTPUT_COUNTER|divclk'
Slack : 4.932
TNS   : 0.000

Type  : Fast 1100mV 0C Model Setup 'u_ClockManager|u_dcm|auto_generated|generic_pll1~PLL_OUTPUT_COUNTER|divclk'
Slack : 6.214
TNS   : 0.000

Type  : Fast 1100mV 0C Model Setup 'altera_reserved_tck'
Slack : 13.811
TNS   : 0.000

Type  : Fast 1100mV 0C Model Hold 'altera_reserved_tck'
Slack : 0.087
TNS   : 0.000

Type  : Fast 1100mV 0C Model Hold 'u_ClockManager|u_dcm|auto_generated|generic_pll1~PLL_OUTPUT_COUNTER|divclk'
Slack : 0.104
TNS   : 0.000

Type  : Fast 1100mV 0C Model Hold 'u_ClockManager|u_dcm|auto_generated|generic_pll2~PLL_OUTPUT_COUNTER|divclk'
Slack : 0.157
TNS   : 0.000

Type  : Fast 1100mV 0C Model Recovery 'altera_reserved_tck'
Slack : 31.181
TNS   : 0.000

Type  : Fast 1100mV 0C Model Recovery 'u_ClockManager|u_dcm|auto_generated|generic_pll1~PLL_OUTPUT_COUNTER|divclk'
Slack : 37.022
TNS   : 0.000

Type  : Fast 1100mV 0C Model Removal 'u_ClockManager|u_dcm|auto_generated|generic_pll1~PLL_OUTPUT_COUNTER|divclk'
Slack : 0.228
TNS   : 0.000

Type  : Fast 1100mV 0C Model Removal 'altera_reserved_tck'
Slack : 0.325
TNS   : 0.000

Type  : Fast 1100mV 0C Model Minimum Pulse Width 'u_ClockManager|u_dcm|auto_generated|generic_pll1~FRACTIONAL_PLL|vcoph[0]'
Slack : 1.333
TNS   : 0.000

Type  : Fast 1100mV 0C Model Minimum Pulse Width 'u_ClockManager|u_dcm|auto_generated|generic_pll2~PLL_OUTPUT_COUNTER|divclk'
Slack : 2.889
TNS   : 0.000

Type  : Fast 1100mV 0C Model Minimum Pulse Width 'sysclk'
Slack : 9.286
TNS   : 0.000

Type  : Fast 1100mV 0C Model Minimum Pulse Width 'altera_reserved_tck'
Slack : 15.132
TNS   : 0.000

Type  : Fast 1100mV 0C Model Minimum Pulse Width 'u_ClockManager|u_dcm|auto_generated|generic_pll1~PLL_OUTPUT_COUNTER|divclk'
Slack : 18.889
TNS   : 0.000

------------------------------------------------------------
