------------------------------------------------------------
Timing Analyzer Summary
------------------------------------------------------------

Type  : Slow 1100mV 85C Model Setup 'u_ClockManager|u_dcm|auto_generated|generic_pll2~PLL_OUTPUT_COUNTER|divclk'
Slack : 1.272
TNS   : 0.000

Type  : Slow 1100mV 85C Model Setup 'u_ClockManager|u_dcm|auto_generated|generic_pll1~PLL_OUTPUT_COUNTER|divclk'
Slack : 5.516
TNS   : 0.000

Type  : Slow 1100mV 85C Model Setup 'altera_reserved_tck'
Slack : 11.411
TNS   : 0.000

Type  : Slow 1100mV 85C Model Hold 'u_ClockManager|u_dcm|auto_generated|generic_pll1~PLL_OUTPUT_COUNTER|divclk'
Slack : 0.251
TNS   : 0.000

Type  : Slow 1100mV 85C Model Hold 'altera_reserved_tck'
Slack : 0.296
TNS   : 0.000

Type  : Slow 1100mV 85C Model Hold 'u_ClockManager|u_dcm|auto_generated|generic_pll2~PLL_OUTPUT_COUNTER|divclk'
Slack : 0.319
TNS   : 0.000

Type  : Slow 1100mV 85C Model Recovery 'altera_reserved_tck'
Slack : 28.780
TNS   : 0.000

Type  : Slow 1100mV 85C Model Recovery 'u_ClockManager|u_dcm|auto_generated|generic_pll1~PLL_OUTPUT_COUNTER|divclk'
Slack : 37.007
TNS   : 0.000

Type  : Slow 1100mV 85C Model Removal 'altera_reserved_tck'
Slack : 0.585
TNS   : 0.000

Type  : Slow 1100mV 85C Model Removal 'u_ClockManager|u_dcm|auto_generated|generic_pll1~PLL_OUTPUT_COUNTER|divclk'
Slack : 0.600
TNS   : 0.000

Type  : Slow 1100mV 85C Model Minimum Pulse Width 'u_ClockManager|u_dcm|auto_generated|generic_pll1~FRACTIONAL_PLL|vcoph[0]'
Slack : 1.333
TNS   : 0.000

Type  : Slow 1100mV 85C Model Minimum Pulse Width 'u_ClockManager|u_dcm|auto_generated|generic_pll2~PLL_OUTPUT_COUNTER|divclk'
Slack : 2.755
TNS   : 0.000

Type  : Slow 1100mV 85C Model Minimum Pulse Width 'sysclk'
Slack : 9.670
TNS   : 0.000

Type  : Slow 1100mV 85C Model Minimum Pulse Width 'altera_reserved_tck'
Slack : 15.330
TNS   : 0.000

Type  : Slow 1100mV 85C Model Minimum Pulse Width 'u_ClockManager|u_dcm|auto_generated|generic_pll1~PLL_OUTPUT_COUNTER|divclk'
Slack : 18.770
TNS   : 0.000

Type  : Slow 1100mV 0C Model Setup 'u_ClockManager|u_dcm|auto_generated|generic_pll2~PLL_OUTPUT_COUNTER|divclk'
Slack : 1.374
TNS   : 0.000

Type  : Slow 1100mV 0C Model Setup 'u_ClockManager|u_dcm|auto_generated|generic_pll1~PLL_OUTPUT_COUNTER|divclk'
Slack : 5.561
TNS   : 0.000

Type  : Slow 1100mV 0C Model Setup 'altera_reserved_tck'
Slack : 11.262
TNS   : 0.000

Type  : Slow 1100mV 0C Model Hold 'u_ClockManager|u_dcm|auto_generated|generic_pll1~PLL_OUTPUT_COUNTER|divclk'
Slack : 0.137
TNS   : 0.000

Type  : Slow 1100mV 0C Model Hold 'altera_reserved_tck'
Slack : 0.294
TNS   : 0.000

Type  : Slow 1100mV 0C Model Hold 'u_ClockManager|u_dcm|auto_generated|generic_pll2~PLL_OUTPUT_COUNTER|divclk'
Slack : 0.297
TNS   : 0.000

Type  : Slow 1100mV 0C Model Recovery 'altera_reserved_tck'
Slack : 29.035
TNS   : 0.000

Type  : Slow 1100mV 0C Model Recovery 'u_ClockManager|u_dcm|auto_generated|generic_pll1~PLL_OUTPUT_COUNTER|divclk'
Slack : 37.128
TNS   : 0.000

Type  : Slow 1100mV 0C Model Removal 'u_ClockManager|u_dcm|auto_generated|generic_pll1~PLL_OUTPUT_COUNTER|divclk'
Slack : 0.507
TNS   : 0.000

Type  : Slow 1100mV 0C Model Removal 'altera_reserved_tck'
Slack : 0.547
TNS   : 0.000

Type  : Slow 1100mV 0C Model Minimum Pulse Width 'u_ClockManager|u_dcm|auto_generated|generic_pll1~FRACTIONAL_PLL|vcoph[0]'
Slack : 1.333
TNS   : 0.000

Type  : Slow 1100mV 0C Model Minimum Pulse Width 'u_ClockManager|u_dcm|auto_generated|generic_pll2~PLL_OUTPUT_COUNTER|divclk'
Slack : 2.725
TNS   : 0.000

Type  : Slow 1100mV 0C Model Minimum Pulse Width 'sysclk'
Slack : 9.673
TNS   : 0.000

Type  : Slow 1100mV 0C Model Minimum Pulse Width 'altera_reserved_tck'
Slack : 15.354
TNS   : 0.000

Type  : Slow 1100mV 0C Model Minimum Pulse Width 'u_ClockManager|u_dcm|auto_generated|generic_pll1~PLL_OUTPUT_COUNTER|divclk'
Slack : 18.732
TNS   : 0.000

Type  : Fast 1100mV 85C Model Setup 'u_ClockManager|u_dcm|auto_generated|generic_pll2~PLL_OUTPUT_COUNTER|divclk'
Slack : 3.822
TNS   : 0.000

Type  : Fast 1100mV 85C Model Setup 'u_ClockManager|u_dcm|auto_generated|generic_pll1~PLL_OUTPUT_COUNTER|divclk'
Slack : 6.522
TNS   : 0.000

Type  : Fast 1100mV 85C Model Setup 'altera_reserved_tck'
Slack : 13.771
TNS   : 0.000

Type  : Fast 1100mV 85C Model Hold 'altera_reserved_tck'
Slack : 0.105
TNS   : 0.000

Type  : Fast 1100mV 85C Model Hold 'u_ClockManager|u_dcm|auto_generated|generic_pll1~PLL_OUTPUT_COUNTER|divclk'
Slack : 0.125
TNS   : 0.000

Type  : Fast 1100mV 85C Model Hold 'u_ClockManager|u_dcm|auto_generated|generic_pll2~PLL_OUTPUT_COUNTER|divclk'
Slack : 0.178
TNS   : 0.000

Type  : Fast 1100mV 85C Model Recovery 'altera_reserved_tck'
Slack : 30.134
TNS   : 0.000

Type  : Fast 1100mV 85C Model Recovery 'u_ClockManager|u_dcm|auto_generated|generic_pll1~PLL_OUTPUT_COUNTER|divclk'
Slack : 38.028
TNS   : 0.000

Type  : Fast 1100mV 85C Model Removal 'altera_reserved_tck'
Slack : 0.303
TNS   : 0.000

Type  : Fast 1100mV 85C Model Removal 'u_ClockManager|u_dcm|auto_generated|generic_pll1~PLL_OUTPUT_COUNTER|divclk'
Slack : 0.369
TNS   : 0.000

Type  : Fast 1100mV 85C Model Minimum Pulse Width 'u_ClockManager|u_dcm|auto_generated|generic_pll1~FRACTIONAL_PLL|vcoph[0]'
Slack : 1.333
TNS   : 0.000

Type  : Fast 1100mV 85C Model Minimum Pulse Width 'u_ClockManager|u_dcm|auto_generated|generic_pll2~PLL_OUTPUT_COUNTER|divclk'
Slack : 2.880
TNS   : 0.000

Type  : Fast 1100mV 85C Model Minimum Pulse Width 'sysclk'
Slack : 9.336
TNS   : 0.000

Type  : Fast 1100mV 85C Model Minimum Pulse Width 'altera_reserved_tck'
Slack : 15.102
TNS   : 0.000

Type  : Fast 1100mV 85C Model Minimum Pulse Width 'u_ClockManager|u_dcm|auto_generated|generic_pll1~PLL_OUTPUT_COUNTER|divclk'
Slack : 18.887
TNS   : 0.000

Type  : Fast 1100mV 0C Model Setup 'u_ClockManager|u_dcm|auto_generated|generic_pll2~PLL_OUTPUT_COUNTER|divclk'
Slack : 4.225
TNS   : 0.000

Type  : Fast 1100mV 0C Model Setup 'u_ClockManager|u_dcm|auto_generated|generic_pll1~PLL_OUTPUT_COUNTER|divclk'
Slack : 6.607
TNS   : 0.000

Type  : Fast 1100mV 0C Model Setup 'altera_reserved_tck'
Slack : 13.916
TNS   : 0.000

Type  : Fast 1100mV 0C Model Hold 'altera_reserved_tck'
Slack : 0.091
TNS   : 0.000

Type  : Fast 1100mV 0C Model Hold 'u_ClockManager|u_dcm|auto_generated|generic_pll1~PLL_OUTPUT_COUNTER|divclk'
Slack : 0.092
TNS   : 0.000

Type  : Fast 1100mV 0C Model Hold 'u_ClockManager|u_dcm|auto_generated|generic_pll2~PLL_OUTPUT_COUNTER|divclk'
Slack : 0.150
TNS   : 0.000

Type  : Fast 1100mV 0C Model Recovery 'altera_reserved_tck'
Slack : 30.497
TNS   : 0.000

Type  : Fast 1100mV 0C Model Recovery 'u_ClockManager|u_dcm|auto_generated|generic_pll1~PLL_OUTPUT_COUNTER|divclk'
Slack : 38.263
TNS   : 0.000

Type  : Fast 1100mV 0C Model Removal 'altera_reserved_tck'
Slack : 0.264
TNS   : 0.000

Type  : Fast 1100mV 0C Model Removal 'u_ClockManager|u_dcm|auto_generated|generic_pll1~PLL_OUTPUT_COUNTER|divclk'
Slack : 0.299
TNS   : 0.000

Type  : Fast 1100mV 0C Model Minimum Pulse Width 'u_ClockManager|u_dcm|auto_generated|generic_pll1~FRACTIONAL_PLL|vcoph[0]'
Slack : 1.333
TNS   : 0.000

Type  : Fast 1100mV 0C Model Minimum Pulse Width 'u_ClockManager|u_dcm|auto_generated|generic_pll2~PLL_OUTPUT_COUNTER|divclk'
Slack : 2.879
TNS   : 0.000

Type  : Fast 1100mV 0C Model Minimum Pulse Width 'sysclk'
Slack : 9.286
TNS   : 0.000

Type  : Fast 1100mV 0C Model Minimum Pulse Width 'altera_reserved_tck'
Slack : 15.138
TNS   : 0.000

Type  : Fast 1100mV 0C Model Minimum Pulse Width 'u_ClockManager|u_dcm|auto_generated|generic_pll1~PLL_OUTPUT_COUNTER|divclk'
Slack : 18.888
TNS   : 0.000

------------------------------------------------------------
