Copyright 1986-2020 Xilinx, Inc. All Rights Reserved.
--------------------------------------------------------------------------------------------
| Tool Version : Vivado v.2020.2 (win64) Build 3064766 Wed Nov 18 09:12:45 MST 2020
| Date         : Thu Jan 21 00:39:34 2021
| Host         : Jarvis running 64-bit major release  (build 9200)
| Command      : report_control_sets -verbose -file bch_encoder_fil_control_sets_placed.rpt
| Design       : bch_encoder_fil
| Device       : xc7z020
--------------------------------------------------------------------------------------------

Control Set Information

Table of Contents
-----------------
1. Summary
2. Histogram
3. Flip-Flop Distribution
4. Detailed Control Set Information

1. Summary
----------

+----------------------------------------------------------+-------+
|                          Status                          | Count |
+----------------------------------------------------------+-------+
| Total control sets                                       |    32 |
|    Minimum number of control sets                        |    32 |
|    Addition due to synthesis replication                 |     0 |
|    Addition due to physical synthesis replication        |     0 |
| Unused register locations in slices containing registers |    69 |
+----------------------------------------------------------+-------+
* Control sets can be merged at opt_design using control_set_merge or merge_equivalent_drivers
** Run report_qor_suggestions for automated merging and remapping suggestions


2. Histogram
------------

+--------------------+-------+
|       Fanout       | Count |
+--------------------+-------+
| Total control sets |    32 |
| >= 0 to < 4        |     1 |
| >= 4 to < 6        |     7 |
| >= 6 to < 8        |     1 |
| >= 8 to < 10       |     3 |
| >= 10 to < 12      |     1 |
| >= 12 to < 14      |     4 |
| >= 14 to < 16      |     4 |
| >= 16              |    11 |
+--------------------+-------+
* Control sets can be remapped at either synth_design or opt_design


3. Flip-Flop Distribution
-------------------------

+--------------+-----------------------+------------------------+-----------------+--------------+
| Clock Enable | Synchronous Set/Reset | Asynchronous Set/Reset | Total Registers | Total Slices |
+--------------+-----------------------+------------------------+-----------------+--------------+
| No           | No                    | No                     |             365 |           91 |
| No           | No                    | Yes                    |               1 |            1 |
| No           | Yes                   | No                     |             232 |           76 |
| Yes          | No                    | No                     |               0 |            0 |
| Yes          | No                    | Yes                    |             384 |           54 |
| Yes          | Yes                   | No                     |             245 |           61 |
+--------------+-----------------------+------------------------+-----------------+--------------+


4. Detailed Control Set Information
-----------------------------------

+----------------------------+-------------------------------------------------------------------------------------------------------------------------------+--------------------------------------------------------------------------------------------------------------------------------------------------------+------------------+----------------+--------------+
|        Clock Signal        |                                                         Enable Signal                                                         |                                                                    Set/Reset Signal                                                                    | Slice Load Count | Bel Load Count | Bels / Slice |
+----------------------------+-------------------------------------------------------------------------------------------------------------------------------+--------------------------------------------------------------------------------------------------------------------------------------------------------+------------------+----------------+--------------+
|  u_clk_wiz_0/inst/clk_out1 |                                                                                                                               | u_jtag_mac/u_pre_chif_fifo/u_jtag_mac_fifo/U0/inst_fifo_gen/gconvfifo.rf/grf.rf/rstblk/ngwrdrst.grst.g7serrst.gsckt_wrst.gic_rst.sckt_rd_rst_ic_reg_0  |                2 |              3 |         1.50 |
|  TCK_BUFG                  |                                                                                                                               | u_jtag_mac/sm_cnt[4]_i_1_n_0                                                                                                                           |                2 |              4 |         2.00 |
|  TCK_BUFG                  |                                                                                                                               | u_jtag_mac/u_pre_chif_fifo/u_jtag_mac_fifo/U0/inst_fifo_gen/gconvfifo.rf/grf.rf/rstblk/ngwrdrst.grst.g7serrst.gsckt_wrst.gic_rst.sckt_wr_rst_ic_reg_0  |                2 |              4 |         2.00 |
|  u_clk_wiz_0/inst/clk_out1 |                                                                                                                               | u_jtag_mac/u_post_chif_fifo/u_jtag_mac_fifo/U0/inst_fifo_gen/gconvfifo.rf/grf.rf/rstblk/ngwrdrst.grst.g7serrst.gsckt_wrst.gic_rst.sckt_wr_rst_ic_reg_0 |                2 |              4 |         2.00 |
|  u_clk_wiz_0/inst/clk_out1 | u_mwfil_chiftop/u_mwfil_chifcore/NormalBlock.u_bus2dut/E[0]                                                                   | u_jtag_mac/SR[0]                                                                                                                                       |                2 |              4 |         2.00 |
|  u_clk_wiz_0/inst/clk_out1 | u_mwfil_chiftop/u_mwfil_chifcore/u_dut2bus/d2b_fifo_valid_reg_0[0]                                                            | u_jtag_mac/SR[0]                                                                                                                                       |                1 |              4 |         4.00 |
|  u_clk_wiz_0/inst/clk_out1 | u_mwfil_chiftop/u_mwfil_chifcore/u_dut2bus/E[0]                                                                               | u_jtag_mac/SR[0]                                                                                                                                       |                1 |              4 |         4.00 |
|  u_clk_wiz_0/inst/clk_out1 | u_mwfil_chiftop/u_mwfil_chifcore/NormalBlock.u_b2dfifo/rd_addr[3]_i_1__0_n_0                                                  | u_jtag_mac/SR[0]                                                                                                                                       |                1 |              4 |         4.00 |
|  TCK_BUFG                  |                                                                                                                               | u_jtag_mac/ver_output_reg[16]_i_1_n_0                                                                                                                  |                2 |              7 |         3.50 |
|  u_clk_wiz_0/inst/clk_out1 | u_jtag_mac/u_simcycle_fifo/u_simcycle_fifo/U0/inst_fifo_gen/gconvfifo.rf/grf.rf/gntv_or_sync_fifo.gl0.rd/gras.rsts/E[0]       | u_jtag_mac/u_simcycle_fifo/u_simcycle_fifo/U0/inst_fifo_gen/gconvfifo.rf/grf.rf/rstblk/SS[0]                                                           |                2 |              8 |         4.00 |
|  u_clk_wiz_0/inst/clk_out1 | u_mwfil_chiftop/u_mwfil_chifcore/NormalBlock.u_bus2dut/E[0]                                                                   |                                                                                                                                                        |                1 |              8 |         8.00 |
|  u_clk_wiz_0/inst/clk_out1 | u_mwfil_chiftop/u_mwfil_chifcore/u_dut2bus/E[0]                                                                               |                                                                                                                                                        |                1 |              8 |         8.00 |
|  u_clk_wiz_0/inst/clk_out1 | u_jtag_mac/E[0]                                                                                                               | u_mwfil_chiftop/u_mwfil_chifcore/NormalBlock.u_bus2dut/counter[9]_i_1_n_0                                                                              |                3 |             10 |         3.33 |
|  TCK_BUFG                  | u_jtag_mac/u_simcycle_fifo/u_simcycle_fifo/U0/inst_fifo_gen/gconvfifo.rf/grf.rf/gntv_or_sync_fifo.gl0.wr/gwas.wsts/E[0]       | u_jtag_mac/u_simcycle_fifo/u_simcycle_fifo/U0/inst_fifo_gen/gconvfifo.rf/grf.rf/rstblk/ngwrdrst.grst.g7serrst.gsckt_wrst.gic_rst.sckt_wr_rst_ic_reg_0  |                3 |             12 |         4.00 |
|  TCK_BUFG                  | u_jtag_mac/act_rd_len0                                                                                                        | u_jtag_mac/SR[0]                                                                                                                                       |                4 |             13 |         3.25 |
|  TCK_BUFG                  | u_jtag_mac/rd_len0                                                                                                            | u_jtag_mac/SR[0]                                                                                                                                       |                3 |             13 |         4.33 |
|  TCK_BUFG                  | u_jtag_mac/wr_len[12]_i_1_n_0                                                                                                 | u_jtag_mac/SR[0]                                                                                                                                       |                4 |             13 |         3.25 |
|  TCK_BUFG                  |                                                                                                                               | u_jtag_mac/act_rd_cnt[15]_i_1_n_0                                                                                                                      |                4 |             15 |         3.75 |
|  TCK_BUFG                  |                                                                                                                               | u_jtag_mac/act_wr_cnt[15]_i_1_n_0                                                                                                                      |                4 |             15 |         3.75 |
|  TCK_BUFG                  |                                                                                                                               | u_jtag_mac/ver_act_rd_cnt[15]_i_1_n_0                                                                                                                  |                4 |             15 |         3.75 |
|  TCK_BUFG                  |                                                                                                                               | u_jtag_mac/u_post_chif_fifo/u_jtag_mac_fifo/U0/inst_fifo_gen/gconvfifo.rf/grf.rf/rstblk/ngwrdrst.grst.g7serrst.gsckt_wrst.gic_rst.sckt_rd_rst_ic_reg_0 |                5 |             15 |         3.00 |
|  u_clk_wiz_0/inst/clk_out1 | u_jtag_mac/simcycle_rd_en_d1                                                                                                  | u_jtag_mac/SR[0]                                                                                                                                       |                5 |             16 |         3.20 |
|  TCK_BUFG                  |                                                                                                                               | u_jtag_mac/sys_rst                                                                                                                                     |               12 |             23 |         1.92 |
|  TCK_BUFG                  | u_jtag_mac/u_post_chif_fifo/u_jtag_mac_fifo/U0/inst_fifo_gen/gconvfifo.rf/grf.rf/gntv_or_sync_fifo.gl0.rd/gras.rsts/ram_rd_en | u_jtag_mac/u_post_chif_fifo/u_jtag_mac_fifo/U0/inst_fifo_gen/gconvfifo.rf/grf.rf/rstblk/ngwrdrst.grst.g7serrst.gsckt_wrst.gic_rst.sckt_rd_rst_ic_reg_0 |                4 |             24 |         6.00 |
|  u_clk_wiz_0/inst/clk_out1 | u_jtag_mac/u_pre_chif_fifo/u_jtag_mac_fifo/U0/inst_fifo_gen/gconvfifo.rf/grf.rf/gntv_or_sync_fifo.gl0.rd/gras.rsts/ram_rd_en  | u_jtag_mac/u_pre_chif_fifo/u_jtag_mac_fifo/U0/inst_fifo_gen/gconvfifo.rf/grf.rf/rstblk/ngwrdrst.grst.g7serrst.gsckt_wrst.gic_rst.sckt_rd_rst_ic_reg_0  |                5 |             24 |         4.80 |
|  u_clk_wiz_0/inst/clk_out1 |                                                                                                                               | u_jtag_mac/SR[0]                                                                                                                                       |               13 |             33 |         2.54 |
|  TCK_BUFG                  | u_jtag_mac/u_pre_chif_fifo/u_jtag_mac_fifo/U0/inst_fifo_gen/gconvfifo.rf/grf.rf/gntv_or_sync_fifo.gl0.wr/gwas.wsts/E[0]       | u_jtag_mac/u_pre_chif_fifo/u_jtag_mac_fifo/U0/inst_fifo_gen/gconvfifo.rf/grf.rf/rstblk/ngwrdrst.grst.g7serrst.gsckt_wrst.gic_rst.sckt_wr_rst_ic_reg_0  |               12 |             48 |         4.00 |
|  u_clk_wiz_0/inst/clk_out1 | u_jtag_mac/u_post_chif_fifo/u_jtag_mac_fifo/U0/inst_fifo_gen/gconvfifo.rf/grf.rf/gntv_or_sync_fifo.gl0.wr/gwas.wsts/E[0]      | u_jtag_mac/u_post_chif_fifo/u_jtag_mac_fifo/U0/inst_fifo_gen/gconvfifo.rf/grf.rf/rstblk/ngwrdrst.grst.g7serrst.gsckt_wrst.gic_rst.sckt_wr_rst_ic_reg_0 |               11 |             48 |         4.36 |
|  TCK_BUFG                  |                                                                                                                               | u_jtag_mac/SR[0]                                                                                                                                       |               25 |             95 |         3.80 |
|  u_clk_wiz_0/inst/clk_out1 |                                                                                                                               |                                                                                                                                                        |               48 |            184 |         3.83 |
|  TCK_BUFG                  |                                                                                                                               |                                                                                                                                                        |               43 |            188 |         4.37 |
|  u_clk_wiz_0/inst/clk_out1 | u_mwfil_chiftop/u_mwfil_chifcore/u_controller/dut_enable_int_reg_0                                                            | u_jtag_mac/SR[0]                                                                                                                                       |               54 |            384 |         7.11 |
+----------------------------+-------------------------------------------------------------------------------------------------------------------------------+--------------------------------------------------------------------------------------------------------------------------------------------------------+------------------+----------------+--------------+


